<html>
<body>
<pre>
<h1>µVision Build Log</h1>
<h2>Project:</h2>
C:\Users\evans\Documents\2021 Fall\CptS 466\p3\TableTrafficLight.uvproj
Project File Date:  09/29/2021

<h2>Output:</h2>
Rebuild target 'TableTrafficLight'
assembling startup.s...
compiling SysTick.c...
compiling PLL.c...
compiling TableTrafficLight.c...
linking...
Program Size: Code=1452 RO-data=128 RW-data=8 ZI-data=1120  
".\TableTrafficLight.axf" - 0 Error(s), 0 Warning(s).
Load "C:\\Users\\evans\\Documents\\2021 Fall\\CptS 466\\p3\\TableTrafficLight.axf" 
Connecting: Mode=JTAG, Speed=1000000Hz
Erase Done.
Programming Done.
Verify OK.
</pre>
</body>
</html>
