<html>
<body>
<pre>
<h1>µVision Build Log</h1>
<h2>Project:</h2>
C:\Users\evans\Documents\2021 Fall\CptS 466\p3\GrandAve_PedLight\GrandAve_TL.uvproj
Project File Date:  10/01/2021

<h2>Output:</h2>
Rebuild target 'Target 1'
assembling startup_TM4C123.s...
compiling main.c...
compiling PLL.c...
compiling SysTick.c...
linking...
Program Size: Code=1616 RO-data=104 RW-data=8 ZI-data=1120  
".\GrandAve_TL.axf" - 0 Error(s), 0 Warning(s).
Load "C:\\Users\\evans\\Documents\\2021 Fall\\CptS 466\\p3\\GrandAve_PedLight\\GrandAve_TL.axf" 
Connecting: Mode=JTAG, Speed=1000000Hz
Erase Done.
Programming Done.
Verify OK.
</pre>
</body>
</html>
